''
'a'
'b'
'z'
Transducer 'auto_exponentials' not found!
Transducer 'auto_exponentials' not found!
Transducer 'auto_exponentials' not found!
Transducer 'referenced_across_files' not found!
Transducer 'multiple_types' not found!
Transducer 'used_ahead_of_definition' not found!
Transducer 'used_ahead_of_definition' not found!
Transducer 'used_ahead_of_definition' not found!
